
> asistente-de-higiene-y-seguridad@0.0.0 build
> vite build

[36mvite v7.3.1 [32mbuilding client environment for production...[36m[39m
transforming...
[32mÔ£ô[39m 2112 modules transformed.
rendering chunks...
node.exe : [33m[plugin 
vite:reporter] 
En C:\Program 
Files\nodejs\npm.ps1: 29 
Carácter: 3
+   & $NODE_EXE 
$NPM_CLI_JS $args
+   ~~~~~~~~~~~~~~~~~~~~~~~
~~~~~~
    + CategoryInfo         
     : NotSpecified: ([3  
  3m[plugin vite:reporte   
 r] :String) [], Remote    
Exception
    + FullyQualifiedErrorI 
   d : NativeCommandError
 
(!) C:/Users/Leo 
Rodriguez/asistente de 
higiene y seguridad/node_mo
dules/firebase/auth/dist/es
m/index.esm.js is 
dynamically imported by 
C:/Users/Leo 
Rodriguez/asistente de 
higiene y seguridad/src/con
texts/AuthContext.jsx but 
also statically imported 
by C:/Users/Leo 
Rodriguez/asistente de 
higiene y seguridad/src/con
texts/AuthContext.jsx, 
C:/Users/Leo 
Rodriguez/asistente de 
higiene y 
seguridad/src/firebase.js, 
C:/Users/Leo 
Rodriguez/asistente de 
higiene y seguridad/src/pag
es/ResetPassword.jsx, 
dynamic import will not 
move module into another 
chunk.
[39m
computing gzip size...
[2mdist/[22m[32mregisterSW.js                       [39m[1m[2m    0.13 kB[22m[1m[22m
[2mdist/[22m[32mmanifest.webmanifest                [39m[1m[2m    0.38 kB[22m[1m[22m
[2mdist/[22m[32mindex.html                          [39m[1m[2m    4.03 kB[22m[1m[22m[2m Ôöé gzip:   1.64 kB[22m
[2mdist/[22m[35massets/index-C7T1RYN_.css           [39m[1m[2m   13.51 kB[22m[1m[22m[2m Ôöé gzip:   3.65 kB[22m
[2mdist/[22m[36massets/purify.es-Bzr520pe.js        [39m[1m[2m   22.45 kB[22m[1m[22m[2m Ôöé gzip:   8.63 kB[22m
[2mdist/[22m[36massets/index.es-CeVMegDH.js         [39m[1m[2m  158.58 kB[22m[1m[22m[2m Ôöé gzip:  52.93 kB[22m
[2mdist/[22m[36massets/html2canvas.esm-DXEQVQnt.js  [39m[1m[2m  201.04 kB[22m[1m[22m[2m Ôöé gzip:  47.43 kB[22m
[2mdist/[22m[36massets/index-C2TnTBra.js            [39m[1m[33m2,538.44 kB[39m[22m[2m Ôöé gzip: 729.12 kB[22m
[33m
(!) Some chunks are larger 
than 500 kB after 
minification. Consider:
- Using dynamic import() 
to code-split the 
application
- Use build.rollupOptions.o
utput.manualChunks to 
improve chunking: https://r
ollupjs.org/configuration-o
ptions/#output-manualchunks
- Adjust chunk size limit 
for this warning via build.
chunkSizeWarningLimit.[39m
[32mÔ£ô built in 8.20s[39m
[31merror during build:
Error: 
  Configure "workbox.maximu
mFileSizeToCacheInBytes" 
to change the limit: the 
default value is 2 MiB.
  Check https://vite-pwa-or
g.netlify.app/guide/faq.htm
l#missing-assets-from-sw-pr
ecache-manifest for more 
information.
  Assets exceeding the 
limit:
  - 
assets/index-C2TnTBra.js 
is 2.54 MB, and won't be 
precached.

    at logWorkboxResult (fi
le:///C:/Users/Leo%20Rodrig
uez/asistente%20de%20higien
e%20y%20seguridad/node_modu
les/vite-plugin-pwa/dist/ch
unk-G4TAN34B.js:44:13)
    at 
generateServiceWorker (file
:///C:/Users/Leo%20Rodrigue
z/asistente%20de%20higiene%
20y%20seguridad/node_module
s/vite-plugin-pwa/dist/inde
x.js:209:3)
    at async _generateSW (f
ile:///C:/Users/Leo%20Rodri
guez/asistente%20de%20higie
ne%20y%20seguridad/node_mod
ules/vite-plugin-pwa/dist/i
ndex.js:234:5)
    at async 
Object.handler (file:///C:/
Users/Leo%20Rodriguez/asist
ente%20de%20higiene%20y%20s
eguridad/node_modules/vite-
plugin-pwa/dist/index.js:42
7:13)
    at async 
PluginDriver.hookParallel (
file:///C:/Users/Leo%20Rodr
iguez/asistente%20de%20higi
ene%20y%20seguridad/node_mo
dules/rollup/dist/es/shared
/node-entry.js:22452:17)
    at async Object.close (
file:///C:/Users/Leo%20Rodr
iguez/asistente%20de%20higi
ene%20y%20seguridad/node_mo
dules/rollup/dist/es/shared
/node-entry.js:23471:13)
    at async 
buildEnvironment (file:///C
:/Users/Leo%20Rodriguez/asi
stente%20de%20higiene%20y%2
0seguridad/node_modules/vit
e/dist/node/chunks/config.j
s:33555:15)
    at async Object.build (
file:///C:/Users/Leo%20Rodr
iguez/asistente%20de%20higi
ene%20y%20seguridad/node_mo
dules/vite/dist/node/chunks
/config.js:33900:19)
    at async 
Object.buildApp (file:///C:
/Users/Leo%20Rodriguez/asis
tente%20de%20higiene%20y%20
seguridad/node_modules/vite
/dist/node/chunks/config.js
:33897:153)
    at async 
CAC.<anonymous> (file:///C:
/Users/Leo%20Rodriguez/asis
tente%20de%20higiene%20y%20
seguridad/node_modules/vite
/dist/node/cli.js:629:3)[3
9m
