[dotenv@17.3.1] injecting env (6) from .env -- tip: ÔÜÖ´©Å  load multiple .env files with { path: ['.env.local', '.env'] }
--- TEST DE FALLBACK DE MODELOS AI (ESM) ---
Probando gemini-2.0-flash... FALL├ô ÔØî ([GoogleGenerativeAI Error]: Error fetching from https://generativelanguage.googleapis.com/v1beta/models/gemini-2.0-flash:generateContent: [404 Not Found] This model models/gemini-2.0-flash is no longer available to new users. Please update your code to use a newer model for the latest features and improvements.)
Probando gemini-1.5-flash-latest... FALL├ô ÔØî ([GoogleGenerativeAI Error]: Error fetching from https://generativelanguage.googleapis.com/v1beta/models/gemini-1.5-flash-latest:generateContent: [404 Not Found] models/gemini-1.5-flash-latest is not found for API version v1beta, or is not supported for generateContent. Call ListModels to see the list of available models and their supported methods.)
Probando gemini-1.5-pro-latest... FALL├ô ÔØî ([GoogleGenerativeAI Error]: Error fetching from https://generativelanguage.googleapis.com/v1beta/models/gemini-1.5-pro-latest:generateContent: [404 Not Found] models/gemini-1.5-pro-latest is not found for API version v1beta, or is not supported for generateContent. Call ListModels to see the list of available models and their supported methods.)
Probando gemini-1.5-flash... FALL├ô ÔØî ([GoogleGenerativeAI Error]: Error fetching from https://generativelanguage.googleapis.com/v1beta/models/gemini-1.5-flash:generateContent: [404 Not Found] models/gemini-1.5-flash is not found for API version v1beta, or is not supported for generateContent. Call ListModels to see the list of available models and their supported methods.)
Probando models/gemini-1.5-flash... FALL├ô ÔØî ([GoogleGenerativeAI Error]: Error fetching from https://generativelanguage.googleapis.com/v1beta/models/gemini-1.5-flash:generateContent: [404 Not Found] models/gemini-1.5-flash is not found for API version v1beta, or is not supported for generateContent. Call ListModels to see the list of available models and their supported methods.)
Probando gemini-flash-latest... ├ëXITO Ô£à
Respuesta: OK

Ô£à El sistema de fallback funciona correctamente.
